
> dunianokos@0.1.0 build
> next build

  Γû▓ Next.js 14.2.24
  - Environments: .env.local, .env

   Creating an optimized production build ...
 Γ£ô Compiled successfully
   Linting and checking validity of types ...
   Collecting page data ...
   Generating static pages (0/27) ...
   Generating static pages (6/27) 
   Generating static pages (13/27) 
   Generating static pages (20/27) 
 Γ£ô Generating static pages (27/27)
   Finalizing page optimization ...
   Collecting build traces ...

Route (app)                              Size     First Load JS
Γöî Γùï /                                    1.97 kB          96 kB
Γö£ Γùï /_not-found                          873 B            88 kB
Γö£ Γùï /admin                               3.4 kB         97.4 kB
Γö£ ╞Æ /api/admin/balance                   0 B                0 B
Γö£ ╞Æ /api/admin/topup                     0 B                0 B
Γö£ Γùï /api/admin/users                     0 B                0 B
Γö£ ╞Æ /api/auth/login                      0 B                0 B
Γö£ ╞Æ /api/auth/register                   0 B                0 B
Γö£ ╞Æ /api/countries                       0 B                0 B
Γö£ ╞Æ /api/deposit/cancel                  0 B                0 B
Γö£ ╞Æ /api/deposit/check                   0 B                0 B
Γö£ ╞Æ /api/deposit/request                 0 B                0 B
Γö£ ╞Æ /api/operators                       0 B                0 B
Γö£ ╞Æ /api/orders/action                   0 B                0 B
Γö£ ╞Æ /api/orders/create                   0 B                0 B
Γö£ ╞Æ /api/orders/history                  0 B                0 B
Γö£ ╞Æ /api/orders/status                   0 B                0 B
Γö£ ╞Æ /api/profile                         0 B                0 B
Γö£ ╞Æ /api/services                        0 B                0 B
Γö£ Γùï /dashboard                           5.46 kB        99.5 kB
Γö£ Γùï /deposit                             4.29 kB        98.3 kB
Γö£ Γùï /history                             3.47 kB        97.5 kB
Γö£ Γùï /login                               1.71 kB        95.7 kB
Γö£ Γùï /order                               6.09 kB         100 kB
Γöö Γùï /register                            1.77 kB        95.8 kB
+ First Load JS shared by all            87.1 kB
  Γö£ chunks/117-0516f2ab4dcbfab4.js       31.6 kB
  Γö£ chunks/fd9d1056-42a1c2df9c4a85a8.js  53.6 kB
  Γöö other shared chunks (total)          1.89 kB


Γùï  (Static)   prerendered as static content
╞Æ  (Dynamic)  server-rendered on demand

